../Core/Src/main.c:79:10:crc16	24	static
../Core/Src/main.c:98:5:main	224	static
../Core/Src/main.c:297:6:SystemClock_Config	80	static
../Core/Src/main.c:336:13:MX_ADC1_Init	24	static
../Core/Src/main.c:386:13:MX_I2C1_Init	8	static
../Core/Src/main.c:417:13:MX_SPI2_Init	8	static
../Core/Src/main.c:452:13:MX_USART3_UART_Init	8	static
../Core/Src/main.c:482:13:MX_USB_OTG_FS_PCD_Init	8	static
../Core/Src/main.c:513:13:MX_GPIO_Init	56	static
../Core/Src/main.c:608:6:User_Periph_Init	48	static
../Core/Src/main.c:681:6:Error_Handler	4	static,ignoring_inline_asm
