../Core/Src/main.c:161:5:_write	24	static
../Core/Src/main.c:169:10:crc16	24	static
../Core/Src/main.c:186:17:get_random_ms	16	static
../Core/Src/main.c:198:6:HAL_GPIO_EXTI_Callback	24	static,ignoring_inline_asm
../Core/Src/main.c:223:6:vSensorAcquisitionTask	104	static
../Core/Src/main.c:286:6:vThresholdDetectionTask	320	static
../Core/Src/main.c:506:6:vLoRaCommunicationTask	144	static
../Core/Src/main.c:561:6:vSystemMonitorTask	344	static
../Core/Src/main.c:607:5:main	176	static
../Core/Src/main.c:779:6:SystemClock_Config	88	static
../Core/Src/main.c:827:13:MX_SPI1_Init	8	static
../Core/Src/main.c:865:13:MX_USART2_UART_Init	8	static
../Core/Src/main.c:898:13:MX_I2C1_Init	8	static
../Core/Src/main.c:919:13:MX_GPIO_Init	48	static
../Core/Src/main.c:988:6:StartDefaultTask	16	static
../Core/Src/main.c:1007:6:HAL_TIM_PeriodElapsedCallback	16	static
../Core/Src/main.c:1025:6:Error_Handler	4	static,ignoring_inline_asm
