17:02:15 **** Incremental Build of configuration Debug for project F446RE_as_RX ****
make -j8 all 
arm-none-eabi-gcc "../Core/Src/main.c" -mcpu=cortex-m4 -std=gnu11 -g3 -DDEBUG -DUSE_HAL_DRIVER -DSTM32F446xx -c -I../Core/Inc -I../Drivers/STM32F4xx_HAL_Driver/Inc -I../Drivers/STM32F4xx_HAL_Driver/Inc/Legacy -I../Drivers/CMSIS/Device/ST/STM32F4xx/Include -I../Drivers/CMSIS/Include -O0 -ffunction-sections -fdata-sections -Wall -fstack-usage -fcyclomatic-complexity -MMD -MP -MF"Core/Src/main.d" -MT"Core/Src/main.o" --specs=nano.specs -mfpu=fpv4-sp-d16 -mfloat-abi=hard -mthumb -o "Core/Src/main.o"
../Core/Src/main.c: In function 'main':
../Core/Src/main.c:182:7: warning: implicit declaration of function 'SX1278_RestartRX'; did you mean 'SX1278_StartRX'? [-Wimplicit-function-declaration]
  182 |       SX1278_RestartRX();
      |       ^~~~~~~~~~~~~~~~
      |       SX1278_StartRX
arm-none-eabi-gcc -o "F446RE_as_RX.elf" @"objects.list"   -mcpu=cortex-m4 -T"C:\Users\ASUS\STM32CubeIDE\workspace_TX__RX_F446RE_WITH_MPU6050_LoRa\F446RE_as_RX\STM32F446RETX_FLASH.ld" --specs=nosys.specs -Wl,-Map="F446RE_as_RX.map" -Wl,--gc-sections -static --specs=nano.specs -mfpu=fpv4-sp-d16 -mfloat-abi=hard -mthumb -u _printf_float -Wl,--start-group -lc -lm -Wl,--end-group
Finished building target: F446RE_as_RX.elf
 
arm-none-eabi-size  F446RE_as_RX.elf 
arm-none-eabi-objdump -h -S F446RE_as_RX.elf  > "F446RE_as_RX.list"
   text	   data	    bss	    dec	    hex	filename
  29780	    468	   2068	  32316	   7e3c	F446RE_as_RX.elf
Finished building: default.size.stdout
 
Finished building: F446RE_as_RX.list
 
