../Core/Src/main.c:85:12:transport_read	48	static
../Core/Src/main.c:106:12:transport_write	40	static
../Core/Src/main.c:116:12:transport_connect	24	static
../Core/Src/main.c:141:13:transport_disconnect	8	static
../Core/Src/main.c:154:13:USART3_DebugInit	48	static
../Core/Src/main.c:175:13:USART3_WriteBlocking	24	static
../Core/Src/main.c:185:5:_write	24	static
../Core/Src/main.c:191:5:__io_putchar	24	static
../Core/Src/main.c:198:10:crc16	24	static
../Core/Src/main.c:213:6:HAL_GPIO_EXTI_Callback	16	static
../Core/Src/main.c:225:5:main	24	static
../Core/Src/main.c:342:6:SystemClock_Config	80	static
../Core/Src/main.c:381:13:MX_SPI1_Init	8	static
../Core/Src/main.c:416:13:MX_USART3_UART_Init	8	static
../Core/Src/main.c:446:13:MX_USB_OTG_FS_PCD_Init	8	static
../Core/Src/main.c:477:13:MX_GPIO_Init	56	static
../Core/Src/main.c:567:6:StartDefaultTask	880	static
../Core/Src/main.c:789:6:HAL_TIM_PeriodElapsedCallback	16	static
../Core/Src/main.c:805:6:Error_Handler	4	static,ignoring_inline_asm
