../Core/Src/main.c:85:12:transport_read	5
../Core/Src/main.c:106:12:transport_write	3
../Core/Src/main.c:116:12:transport_connect	5
../Core/Src/main.c:141:13:transport_disconnect	2
../Core/Src/main.c:154:13:USART3_DebugInit	1
../Core/Src/main.c:175:13:USART3_WriteBlocking	4
../Core/Src/main.c:185:5:_write	1
../Core/Src/main.c:191:5:__io_putchar	1
../Core/Src/main.c:198:10:crc16	4
../Core/Src/main.c:213:6:HAL_GPIO_EXTI_Callback	2
../Core/Src/main.c:225:5:main	3
../Core/Src/main.c:342:6:SystemClock_Config	3
../Core/Src/main.c:381:13:MX_SPI1_Init	2
../Core/Src/main.c:416:13:MX_USART3_UART_Init	2
../Core/Src/main.c:446:13:MX_USB_OTG_FS_PCD_Init	2
../Core/Src/main.c:477:13:MX_GPIO_Init	1
../Core/Src/main.c:567:6:StartDefaultTask	39
../Core/Src/main.c:789:6:HAL_TIM_PeriodElapsedCallback	2
../Core/Src/main.c:805:6:Error_Handler	1
