../Core/Src/main.c:149:10:crc16	4
../Core/Src/main.c:166:17:get_random_ms	1
../Core/Src/main.c:178:6:HAL_GPIO_EXTI_Callback	4
../Core/Src/main.c:203:6:vSensorAcquisitionTask	6
../Core/Src/main.c:265:6:vThresholdDetectionTask	24
../Core/Src/main.c:441:6:vLoRaCommunicationTask	5
../Core/Src/main.c:499:6:vSystemMonitorTask	1
../Core/Src/main.c:547:5:main	9
../Core/Src/main.c:720:6:SystemClock_Config	3
../Core/Src/main.c:759:13:MX_ADC1_Init	3
../Core/Src/main.c:809:13:MX_I2C1_Init	2
../Core/Src/main.c:840:13:MX_SPI2_Init	2
../Core/Src/main.c:875:13:MX_USART3_UART_Init	2
../Core/Src/main.c:905:13:MX_USB_OTG_FS_PCD_Init	2
../Core/Src/main.c:936:13:MX_GPIO_Init	1
../Core/Src/main.c:1033:6:User_Periph_Init	1
../Core/Src/main.c:1107:6:HAL_TIM_PeriodElapsedCallback	2
../Core/Src/main.c:1118:6:Error_Handler	1
