../Core/Src/main.c:149:10:crc16	24	static
../Core/Src/main.c:166:17:get_random_ms	16	static
../Core/Src/main.c:178:6:HAL_GPIO_EXTI_Callback	24	static,ignoring_inline_asm
../Core/Src/main.c:203:6:vSensorAcquisitionTask	104	static
../Core/Src/main.c:265:6:vThresholdDetectionTask	320	static
../Core/Src/main.c:441:6:vLoRaCommunicationTask	144	static
../Core/Src/main.c:499:6:vSystemMonitorTask	336	static
../Core/Src/main.c:547:5:main	120	static
../Core/Src/main.c:720:6:SystemClock_Config	80	static
../Core/Src/main.c:759:13:MX_ADC1_Init	24	static
../Core/Src/main.c:809:13:MX_I2C1_Init	8	static
../Core/Src/main.c:840:13:MX_SPI2_Init	8	static
../Core/Src/main.c:875:13:MX_USART3_UART_Init	8	static
../Core/Src/main.c:905:13:MX_USB_OTG_FS_PCD_Init	8	static
../Core/Src/main.c:936:13:MX_GPIO_Init	56	static
../Core/Src/main.c:1033:6:User_Periph_Init	48	static
../Core/Src/main.c:1107:6:HAL_TIM_PeriodElapsedCallback	16	static
../Core/Src/main.c:1118:6:Error_Handler	4	static,ignoring_inline_asm
