../Core/Src/main.c:55:13:USART3_DebugInit	48	static
../Core/Src/main.c:76:13:USART3_WriteBlocking	24	static
../Core/Src/main.c:84:5:_write	24	static
../Core/Src/main.c:90:5:__io_putchar	24	static
../Core/Src/main.c:97:10:crc16	24	static
../Core/Src/main.c:110:6:HAL_GPIO_EXTI_Callback	16	static
../Core/Src/main.c:119:5:main	48	static
../Core/Src/main.c:158:6:StartDefaultTask	824	static
../Core/Src/main.c:339:6:HAL_TIM_PeriodElapsedCallback	16	static
../Core/Src/main.c:343:6:Error_Handler	4	static,ignoring_inline_asm
../Core/Src/main.c:348:6:SystemClock_Config	80	static
../Core/Src/main.c:372:13:MX_SPI1_Init	8	static
../Core/Src/main.c:388:13:MX_GPIO_Init	56	static
