../Core/Src/main.c:55:13:USART3_DebugInit	1
../Core/Src/main.c:76:13:USART3_WriteBlocking	4
../Core/Src/main.c:84:5:_write	1
../Core/Src/main.c:90:5:__io_putchar	1
../Core/Src/main.c:97:10:crc16	4
../Core/Src/main.c:110:6:HAL_GPIO_EXTI_Callback	2
../Core/Src/main.c:119:5:main	2
../Core/Src/main.c:158:6:StartDefaultTask	19
../Core/Src/main.c:339:6:HAL_TIM_PeriodElapsedCallback	2
../Core/Src/main.c:343:6:Error_Handler	1
../Core/Src/main.c:348:6:SystemClock_Config	3
../Core/Src/main.c:372:13:MX_SPI1_Init	2
../Core/Src/main.c:388:13:MX_GPIO_Init	1
