../Core/Src/main.c:61:5:_write	24	static
../Core/Src/main.c:66:10:crc16	24	static
../Core/Src/main.c:80:6:HAL_GPIO_EXTI_Callback	16	static
../Core/Src/main.c:91:5:main	344	static
../Core/Src/main.c:238:6:SystemClock_Config	88	static
../Core/Src/main.c:283:13:MX_I2C1_Init	8	static
../Core/Src/main.c:314:13:MX_SPI1_Init	8	static
../Core/Src/main.c:349:13:MX_USART2_UART_Init	8	static
../Core/Src/main.c:379:13:MX_GPIO_Init	48	static
../Core/Src/main.c:436:6:Error_Handler	4	static,ignoring_inline_asm
