../Core/Src/main.c:61:20:node_name	16	static
../Core/Src/main.c:74:13:uart_print	16	static
../Core/Src/main.c:77:13:uart_printf	528	static
../Core/Src/main.c:89:17:crc16_calc	24	static
../Core/Src/main.c:102:13:lora_nss_low	8	static
../Core/Src/main.c:103:13:lora_nss_high	8	static
../Core/Src/main.c:105:13:lora_write_reg	24	static
../Core/Src/main.c:111:16:lora_read_reg	24	static
../Core/Src/main.c:119:13:lora_read_fifo	24	static
../Core/Src/main.c:127:16:LoRa_Init	16	static
../Core/Src/main.c:154:16:LoRa_PacketReady	8	static
../Core/Src/main.c:158:16:LoRa_ReadPacket	24	static
../Core/Src/main.c:176:12:LoRa_GetRSSI	8	static
../Core/Src/main.c:183:13:parse_and_display	288	static
../Core/Src/main.c:272:6:Error_Handler	4	static,ignoring_inline_asm
../Core/Src/main.c:277:5:main	80	static
../Core/Src/main.c:311:6:SystemClock_Config	88	static
../Core/Src/main.c:346:13:MX_SPI1_Init	8	static
../Core/Src/main.c:366:13:MX_USART3_UART_Init	8	static
../Core/Src/main.c:382:13:MX_GPIO_Init	56	static
