2026-05-06 09:57:02,305 [INFO] Activator:176 - 


2026-05-06 09:57:02,318 [INFO] Activator:177 - !SESSION log4j initialized
2026-05-06 09:57:21,374 [INFO] LogOutputStream:77 - [STDOUT_REDIRECT] 
2026-05-06 09:57:24,141 [INFO] ApplicationProperties:184 - Using Application install path: C:\ST\STM32CubeIDE_1.19.0\STM32CubeIDE\plugins\com.st.stm32cube.common.mx_6.15.0.202507011659
2026-05-06 09:57:24,178 [INFO] DbMcusXml:78 - Set database path to: C:\ST\STM32CubeIDE_1.19.0\STM32CubeIDE\plugins\com.st.stm32cube.common.mx_6.15.0.202507011659\\db\/mcu/
2026-05-06 09:57:24,178 [INFO] ApiDb:274 - Set plugin database path to: C:\ST\STM32CubeIDE_1.19.0\STM32CubeIDE\plugins\com.st.stm32cube.common.mx_6.15.0.202507011659\\db\/plugins/boardmanager/
2026-05-06 09:57:24,178 [WARN] ApiDb:259 - Overriding images path with different value:  => C:\ST\STM32CubeIDE_1.19.0\STM32CubeIDE\plugins\com.st.stm32cube.common.mx_6.15.0.202507011659\\db\/plugins/mcufinder/images/
2026-05-06 09:57:24,205 [INFO] ApiDb:250 - Set database path to: C:\Users\ASUS\.stmcufinder\plugins\mcufinder//mcu/
2026-05-06 09:57:24,205 [INFO] DbMcusAds:125 - Set database path to: C:\Users\ASUS\.stmcufinder\plugins\mcufinder//mcu/
2026-05-06 09:57:24,212 [INFO] CrossReferenceDbSqlite:203 - Set database path to: C:\Users\ASUS\.stmcufinder\plugins\mcufinder//mcu/cs/
2026-05-06 09:57:24,506 [INFO] RulesReader:64 - Compatibility file has been processed (317 Rules)
2026-05-06 09:57:24,757 [INFO] DbMcusXml:78 - Set database path to: C:\ST\STM32CubeIDE_1.19.0\STM32CubeIDE\plugins\com.st.stm32cube.common.mx_6.15.0.202507011659\\db\/mcu/
2026-05-06 09:57:24,757 [INFO] ApiDb:274 - Set plugin database path to: C:\ST\STM32CubeIDE_1.19.0\STM32CubeIDE\plugins\com.st.stm32cube.common.mx_6.15.0.202507011659\\db\/plugins/boardmanager/
2026-05-06 09:57:24,759 [INFO] ApiDb:261 - Set plugin images path to: C:\ST\STM32CubeIDE_1.19.0\STM32CubeIDE\plugins\com.st.stm32cube.common.mx_6.15.0.202507011659\\db\/plugins/mcufinder/images/
2026-05-06 09:57:24,759 [WARN] DbFile:41 - Overriding database path with different value: C:\Users\ASUS\.stmcufinder\plugins\mcufinder/ => C:\Users\ASUS\.stmcufinder\plugins\mcufinder
2026-05-06 09:57:24,759 [INFO] ApiDb:250 - Set database path to: C:\Users\ASUS\.stmcufinder\plugins\mcufinder//mcu/
2026-05-06 09:57:24,759 [WARN] DbFile:41 - Overriding database path with different value: C:\Users\ASUS\.stmcufinder\plugins\mcufinder/ => C:\Users\ASUS\.stmcufinder\plugins\mcufinder
2026-05-06 09:57:24,759 [INFO] DbMcusAds:125 - Set database path to: C:\Users\ASUS\.stmcufinder\plugins\mcufinder//mcu/
2026-05-06 09:57:24,759 [WARN] DbFile:41 - Overriding database path with different value: C:\Users\ASUS\.stmcufinder\plugins\mcufinder/ => C:\Users\ASUS\.stmcufinder\plugins\mcufinder
2026-05-06 09:57:24,761 [WARN] DbFile:41 - Overriding database path with different value: C:\Users\ASUS\.stmcufinder\plugins\mcufinder/ => C:\Users\ASUS\.stmcufinder\plugins\mcufinder
2026-05-06 09:57:24,761 [INFO] CrossReferenceDbSqlite:203 - Set database path to: C:\Users\ASUS\.stmcufinder\plugins\mcufinder//mcu/cs/
2026-05-06 09:57:24,945 [INFO] MainPanel:274 - HeapMemory: 268435456
2026-05-06 09:57:25,209 [INFO] DbMcusXml:78 - Set database path to: C:\ST\STM32CubeIDE_1.19.0\STM32CubeIDE\plugins\com.st.stm32cube.common.mx_6.15.0.202507011659\\db\/mcu/
2026-05-06 09:57:25,209 [INFO] ApiDb:274 - Set plugin database path to: C:\ST\STM32CubeIDE_1.19.0\STM32CubeIDE\plugins\com.st.stm32cube.common.mx_6.15.0.202507011659\\db\/plugins/boardmanager/
2026-05-06 09:57:25,209 [INFO] ApiDb:261 - Set plugin images path to: C:\ST\STM32CubeIDE_1.19.0\STM32CubeIDE\plugins\com.st.stm32cube.common.mx_6.15.0.202507011659\\db\/plugins/mcufinder/images/
2026-05-06 09:57:25,211 [WARN] DbFile:41 - Overriding database path with different value: C:\Users\ASUS\.stmcufinder\plugins\mcufinder/ => C:\Users\ASUS\.stmcufinder\plugins\mcufinder
2026-05-06 09:57:25,211 [INFO] ApiDb:250 - Set database path to: C:\Users\ASUS\.stmcufinder\plugins\mcufinder//mcu/
2026-05-06 09:57:25,211 [WARN] DbFile:41 - Overriding database path with different value: C:\Users\ASUS\.stmcufinder\plugins\mcufinder/ => C:\Users\ASUS\.stmcufinder\plugins\mcufinder
2026-05-06 09:57:25,211 [INFO] DbMcusAds:125 - Set database path to: C:\Users\ASUS\.stmcufinder\plugins\mcufinder//mcu/
2026-05-06 09:57:25,211 [WARN] DbFile:41 - Overriding database path with different value: C:\Users\ASUS\.stmcufinder\plugins\mcufinder/ => C:\Users\ASUS\.stmcufinder\plugins\mcufinder
2026-05-06 09:57:25,211 [WARN] DbFile:41 - Overriding database path with different value: C:\Users\ASUS\.stmcufinder\plugins\mcufinder/ => C:\Users\ASUS\.stmcufinder\plugins\mcufinder
2026-05-06 09:57:25,214 [INFO] CrossReferenceDbSqlite:203 - Set database path to: C:\Users\ASUS\.stmcufinder\plugins\mcufinder//mcu/cs/
2026-05-06 09:57:25,256 [INFO] ApplicationProperties:184 - Using Application install path: C:\ST\STM32CubeIDE_1.19.0\STM32CubeIDE\plugins\com.st.stm32cube.common.mx_6.15.0.202507011659
2026-05-06 09:57:25,258 [INFO] PluginManage:196 - Search for loadable plugins [exclusion list=, ]
2026-05-06 09:57:25,262 [INFO] PluginManage:310 - Check plugin analytics
2026-05-06 09:57:25,897 [INFO] AnalyticsPlugin:253 - Accepted Software Licenses: 
2026-05-06 09:57:25,897 [INFO] AnalyticsPlugin:255 - Accepted CMSIS Pack Licenses: 
2026-05-06 09:57:25,897 [INFO] AnalyticsPlugin:257 - Accepted Firmware Licenses: FW.F4.1.28.0
2026-05-06 09:57:25,910 [INFO] PluginManage:359 - Loaded plugin analytics (category:tool,tabindex:-1)
2026-05-06 09:57:25,910 [INFO] PluginManage:310 - Check plugin cadmodel
2026-05-06 09:57:25,926 [INFO] CADModel:105 - Init CAD model plugin
2026-05-06 09:57:25,926 [INFO] PluginManage:359 - Loaded plugin cadmodel (category:power,tabindex:5)
2026-05-06 09:57:25,926 [INFO] PluginManage:310 - Check plugin clock
2026-05-06 09:57:25,958 [INFO] PluginManage:359 - Loaded plugin clock (category:base,tabindex:2)
2026-05-06 09:57:25,958 [INFO] PluginManage:310 - Check plugin ddr
2026-05-06 09:57:25,958 [INFO] PluginManage:359 - Loaded plugin ddr (category:tool,tabindex:6)
2026-05-06 09:57:25,958 [INFO] PluginManage:310 - Check plugin filemanager
2026-05-06 09:57:26,336 [INFO] PluginManage:359 - Loaded plugin filemanager (category:base,tabindex:10)
2026-05-06 09:57:26,336 [INFO] PluginManage:310 - Check plugin ipmanager
2026-05-06 09:57:26,352 [INFO] PluginManage:359 - Loaded plugin ipmanager (category:base,tabindex:5)
2026-05-06 09:57:26,352 [INFO] PluginManage:310 - Check plugin lpbam
2026-05-06 09:57:26,375 [INFO] PluginManage:359 - Loaded plugin lpbam (category:base,tabindex:0)
2026-05-06 09:57:26,375 [INFO] PluginManage:310 - Check plugin memorymap
2026-05-06 09:57:26,414 [INFO] PluginManage:359 - Loaded plugin memorymap (category:base,tabindex:4)
2026-05-06 09:57:26,414 [INFO] PluginManage:310 - Check plugin pinoutandconfiguration
2026-05-06 09:57:26,430 [INFO] PluginManage:359 - Loaded plugin pinoutandconfiguration (category:base,tabindex:1)
2026-05-06 09:57:26,432 [INFO] PluginManage:310 - Check plugin pinoutconfig
2026-05-06 09:57:26,666 [WARN] SupportedApi:132 - Cannot load RTOS API schema: s4s-elt-must-match.1: The content of 'definitions' must match (annotation?, (simpleType | complexType)?, (unique | key | keyref)*)). A problem was found starting at: attribute.
2026-05-06 09:57:27,127 [INFO] PluginManage:359 - Loaded plugin pinoutconfig (category:base,tabindex:0)
2026-05-06 09:57:27,127 [INFO] PluginManage:310 - Check plugin power
2026-05-06 09:57:27,158 [INFO] PluginManage:359 - Loaded plugin power (category:power,tabindex:4)
2026-05-06 09:57:27,158 [INFO] PluginManage:310 - Check plugin projectmanager
2026-05-06 09:57:27,218 [INFO] PluginManage:359 - Loaded plugin projectmanager (category:projectmanager,tabindex:4)
2026-05-06 09:57:27,220 [INFO] PluginManage:310 - Check plugin rif
2026-05-06 09:57:27,238 [INFO] PluginManage:359 - Loaded plugin rif (category:base,tabindex:3)
2026-05-06 09:57:27,238 [INFO] PluginManage:310 - Check plugin thirdparty
2026-05-06 09:57:27,700 [WARN] IntegrityCheckThread:84 - waiting for thirdparty lock release [integrity check]
2026-05-06 09:57:27,700 [INFO] PluginManage:359 - Loaded plugin thirdparty (category:base,tabindex:-1)
2026-05-06 09:57:27,700 [INFO] PluginManage:310 - Check plugin tools
2026-05-06 09:57:27,700 [INFO] IntegrityCheckThread:86 - entering critical section [integrity check]
2026-05-06 09:57:27,700 [INFO] ThirdPartyUpdaterWithRetryManager:70 - Updater plugin not ready yet. [1/15]
2026-05-06 09:57:27,700 [INFO] PluginManage:359 - Loaded plugin tools (category:base,tabindex:7)
2026-05-06 09:57:27,700 [INFO] PluginManage:310 - Check plugin tutovideos
2026-05-06 09:57:28,335 [INFO] PluginManage:359 - Loaded plugin tutovideos (category:base,tabindex:-1)
2026-05-06 09:57:28,335 [INFO] PluginManage:310 - Check plugin updater
2026-05-06 09:57:28,383 [INFO] PluginManage:359 - Loaded plugin updater (category:base,tabindex:12)
2026-05-06 09:57:28,383 [INFO] PluginManage:310 - Check plugin userauth
2026-05-06 09:57:28,399 [INFO] UserAuth:118 - Init User Auth plugin
2026-05-06 09:57:28,399 [INFO] PluginManage:359 - Loaded plugin userauth (category:base,tabindex:14)
2026-05-06 09:57:28,399 [INFO] PluginManage:283 - PluginManage : Loaded plugins [18]
2026-05-06 09:57:28,908 [INFO] PinOutPanel:1589 - setPackage(No Configuration,No Configuration)
2026-05-06 09:57:29,163 [INFO] CADModel:165 - CPN selected for project level
2026-05-06 09:57:29,179 [INFO] CADModel:114 - Register for checkConnection events
2026-05-06 09:57:29,226 [INFO] IPUIPlugin:80 - create IPUIPlugin
2026-05-06 09:57:29,226 [INFO] PluginManager:220 - loadIPPluginJar : add adc
2026-05-06 09:57:29,232 [INFO] IPUIPlugin:80 - create IPUIPlugin
2026-05-06 09:57:29,237 [INFO] PluginManager:220 - loadIPPluginJar : add aes
2026-05-06 09:57:29,257 [INFO] IPUIPlugin:80 - create IPUIPlugin
2026-05-06 09:57:29,257 [INFO] PluginManager:220 - loadIPPluginJar : add can
2026-05-06 09:57:29,257 [INFO] IPUIPlugin:80 - create IPUIPlugin
2026-05-06 09:57:29,273 [INFO] PluginManager:220 - loadIPPluginJar : add comp
2026-05-06 09:57:29,273 [INFO] IPUIPlugin:80 - create IPUIPlugin
2026-05-06 09:57:29,273 [INFO] PluginManager:220 - loadIPPluginJar : add cryp
2026-05-06 09:57:29,289 [INFO] IPUIPlugin:80 - create IPUIPlugin
2026-05-06 09:57:29,289 [INFO] PluginManager:220 - loadIPPluginJar : add ddr_ctrl_phy
2026-05-06 09:57:29,289 [INFO] IPUIPlugin:80 - create IPUIPlugin
2026-05-06 09:57:29,289 [INFO] PluginManager:220 - loadIPPluginJar : add dfsdm
2026-05-06 09:57:29,305 [INFO] IPUIPlugin:80 - create IPUIPlugin
2026-05-06 09:57:29,305 [INFO] PluginManager:220 - loadIPPluginJar : add dma
2026-05-06 09:57:29,321 [INFO] IPUIPlugin:80 - create IPUIPlugin
2026-05-06 09:57:29,321 [INFO] PluginManager:220 - loadIPPluginJar : add dma3
2026-05-06 09:57:29,321 [INFO] IPUIPlugin:80 - create IPUIPlugin
2026-05-06 09:57:29,337 [INFO] PluginManager:220 - loadIPPluginJar : add extmemmanager
2026-05-06 09:57:29,337 [INFO] IPUIPlugin:80 - create IPUIPlugin
2026-05-06 09:57:29,337 [INFO] PluginManager:220 - loadIPPluginJar : add fatfs
2026-05-06 09:57:29,353 [INFO] IPUIPlugin:80 - create IPUIPlugin
2026-05-06 09:57:29,353 [INFO] PluginManager:220 - loadIPPluginJar : add fmc
2026-05-06 09:57:29,369 [INFO] IPUIPlugin:80 - create IPUIPlugin
2026-05-06 09:57:29,369 [INFO] PluginManager:220 - loadIPPluginJar : add freertos
2026-05-06 09:57:29,384 [INFO] IPUIPlugin:80 - create IPUIPlugin
2026-05-06 09:57:29,384 [INFO] PluginManager:220 - loadIPPluginJar : add genericplugin
2026-05-06 09:57:29,384 [INFO] IPUIPlugin:80 - create IPUIPlugin
2026-05-06 09:57:29,384 [INFO] PluginManager:220 - loadIPPluginJar : add gfxmmu
2026-05-06 09:57:29,400 [INFO] IPUIPlugin:80 - create IPUIPlugin
2026-05-06 09:57:29,400 [INFO] PluginManager:220 - loadIPPluginJar : add gic
2026-05-06 09:57:29,400 [INFO] IPUIPlugin:80 - create IPUIPlugin
2026-05-06 09:57:29,400 [INFO] PluginManager:220 - loadIPPluginJar : add gpio
2026-05-06 09:57:29,416 [INFO] IPUIPlugin:80 - create IPUIPlugin
2026-05-06 09:57:29,416 [INFO] PluginManager:220 - loadIPPluginJar : add gtzc
2026-05-06 09:57:29,416 [INFO] IPUIPlugin:80 - create IPUIPlugin
2026-05-06 09:57:29,432 [INFO] PluginManager:220 - loadIPPluginJar : add hash
2026-05-06 09:57:29,432 [INFO] IPUIPlugin:80 - create IPUIPlugin
2026-05-06 09:57:29,432 [INFO] PluginManager:220 - loadIPPluginJar : add i2c
2026-05-06 09:57:29,448 [INFO] IPUIPlugin:80 - create IPUIPlugin
2026-05-06 09:57:29,448 [INFO] PluginManager:220 - loadIPPluginJar : add i2s
2026-05-06 09:57:29,448 [INFO] IPUIPlugin:80 - create IPUIPlugin
2026-05-06 09:57:29,448 [INFO] PluginManager:220 - loadIPPluginJar : add i3c
2026-05-06 09:57:29,464 [INFO] IPUIPlugin:80 - create IPUIPlugin
2026-05-06 09:57:29,464 [INFO] PluginManager:220 - loadIPPluginJar : add ipddr
2026-05-06 09:57:29,480 [INFO] IPUIPlugin:80 - create IPUIPlugin
2026-05-06 09:57:29,480 [INFO] PluginManager:220 - loadIPPluginJar : add linkedlist
2026-05-06 09:57:29,496 [INFO] IPUIPlugin:80 - create IPUIPlugin
2026-05-06 09:57:29,496 [INFO] PluginManager:220 - loadIPPluginJar : add lorawan
2026-05-06 09:57:29,496 [INFO] IPUIPlugin:80 - create IPUIPlugin
2026-05-06 09:57:29,496 [INFO] PluginManager:220 - loadIPPluginJar : add ltdc
2026-05-06 09:57:29,512 [INFO] IPUIPlugin:80 - create IPUIPlugin
2026-05-06 09:57:29,512 [INFO] PluginManager:220 - loadIPPluginJar : add mdma
2026-05-06 09:57:29,512 [INFO] IPUIPlugin:80 - create IPUIPlugin
2026-05-06 09:57:29,512 [INFO] PluginManager:220 - loadIPPluginJar : add nvic
2026-05-06 09:57:29,528 [INFO] IPUIPlugin:80 - create IPUIPlugin
2026-05-06 09:57:29,528 [INFO] PluginManager:220 - loadIPPluginJar : add opamp
2026-05-06 09:57:29,544 [INFO] IPUIPlugin:80 - create IPUIPlugin
2026-05-06 09:57:29,544 [INFO] PluginManager:220 - loadIPPluginJar : add openamp
2026-05-06 09:57:29,544 [INFO] IPUIPlugin:80 - create IPUIPlugin
2026-05-06 09:57:29,544 [INFO] PluginManager:220 - loadIPPluginJar : add pdm2pcm
2026-05-06 09:57:29,560 [INFO] IPUIPlugin:80 - create IPUIPlugin
2026-05-06 09:57:29,576 [INFO] PluginManager:220 - loadIPPluginJar : add plateformsettings
2026-05-06 09:57:29,576 [INFO] IPUIPlugin:80 - create IPUIPlugin
2026-05-06 09:57:29,576 [INFO] PluginManager:220 - loadIPPluginJar : add quadspi
2026-05-06 09:57:29,592 [INFO] IPUIPlugin:80 - create IPUIPlugin
2026-05-06 09:57:29,592 [INFO] PluginManager:220 - loadIPPluginJar : add radio
2026-05-06 09:57:29,608 [INFO] IPUIPlugin:80 - create IPUIPlugin
2026-05-06 09:57:29,608 [INFO] PluginManager:220 - loadIPPluginJar : add resmgrutility
2026-05-06 09:57:29,608 [INFO] IPUIPlugin:80 - create IPUIPlugin
2026-05-06 09:57:29,608 [INFO] PluginManager:220 - loadIPPluginJar : add sai
2026-05-06 09:57:29,624 [INFO] IPUIPlugin:80 - create IPUIPlugin
2026-05-06 09:57:29,624 [INFO] PluginManager:220 - loadIPPluginJar : add spi
2026-05-06 09:57:29,640 [INFO] IPUIPlugin:80 - create IPUIPlugin
2026-05-06 09:57:29,640 [INFO] PluginManager:220 - loadIPPluginJar : add stm32_wpan
2026-05-06 09:57:29,640 [INFO] IPUIPlugin:80 - create IPUIPlugin
2026-05-06 09:57:29,640 [INFO] PluginManager:220 - loadIPPluginJar : add tim
2026-05-06 09:57:29,656 [INFO] IPUIPlugin:80 - create IPUIPlugin
2026-05-06 09:57:29,656 [INFO] PluginManager:220 - loadIPPluginJar : add touchsensing
2026-05-06 09:57:29,656 [INFO] IPUIPlugin:80 - create IPUIPlugin
2026-05-06 09:57:29,656 [INFO] PluginManager:220 - loadIPPluginJar : add tracer_emb
2026-05-06 09:57:29,656 [INFO] IPUIPlugin:80 - create IPUIPlugin
2026-05-06 09:57:29,656 [INFO] PluginManager:220 - loadIPPluginJar : add ts
2026-05-06 09:57:29,672 [INFO] IPUIPlugin:80 - create IPUIPlugin
2026-05-06 09:57:29,672 [INFO] PluginManager:220 - loadIPPluginJar : add tsc
2026-05-06 09:57:29,672 [INFO] IPUIPlugin:80 - create IPUIPlugin
2026-05-06 09:57:29,672 [INFO] PluginManager:220 - loadIPPluginJar : add ucpd
2026-05-06 09:57:29,688 [INFO] IPUIPlugin:80 - create IPUIPlugin
2026-05-06 09:57:29,688 [INFO] PluginManager:220 - loadIPPluginJar : add usart
2026-05-06 09:57:29,688 [INFO] IPUIPlugin:80 - create IPUIPlugin
2026-05-06 09:57:29,688 [INFO] PluginManager:220 - loadIPPluginJar : add usbx
2026-05-06 09:57:29,957 [FATAL] Updater:351 - Updater called before beeing initialized
2026-05-06 09:57:30,043 [INFO] RulesReader:64 - Compatibility file has been processed (317 Rules)
2026-05-06 09:57:30,085 [INFO] RulesReader:64 - Compatibility file has been processed (317 Rules)
2026-05-06 09:57:30,101 [INFO] CADModel:165 - CPN selected for project level
2026-05-06 09:57:30,101 [INFO] CADModel:114 - Register for checkConnection events
2026-05-06 09:57:30,101 [FATAL] Updater:351 - Updater called before beeing initialized
2026-05-06 09:57:30,101 [ERROR] CADModel:125 - Updater not yet initialized, retry later 
2026-05-06 09:57:30,610 [FATAL] Updater:351 - Updater called before beeing initialized
2026-05-06 09:57:30,626 [INFO] CADModel:165 - CPN selected for project level
2026-05-06 09:57:30,626 [INFO] CADModel:114 - Register for checkConnection events
2026-05-06 09:57:30,626 [FATAL] Updater:351 - Updater called before beeing initialized
2026-05-06 09:57:30,626 [ERROR] CADModel:125 - Updater not yet initialized, retry later 
2026-05-06 09:57:30,626 [FATAL] Updater:351 - Updater called before beeing initialized
2026-05-06 09:57:30,706 [INFO] ThirdPartyUpdaterWithRetryManager:70 - Updater plugin not ready yet. [2/15]
2026-05-06 09:57:30,928 [FATAL] Updater:351 - Updater called before beeing initialized
2026-05-06 09:57:30,944 [INFO] DbMcusAds:53 - JSON generation date=Mon Apr 27 13:44:29 IST 2026 (1777277669683)
2026-05-06 09:57:30,944 [FATAL] Updater:351 - Updater called before beeing initialized
2026-05-06 09:57:31,059 [WARN] DetailPanel:346 - Failed to get advertising image, set to default
2026-05-06 09:57:31,342 [FATAL] Updater:351 - Updater called before beeing initialized
2026-05-06 09:57:31,358 [FATAL] Updater:351 - Updater called before beeing initialized
2026-05-06 09:57:31,358 [FATAL] Updater:351 - Updater called before beeing initialized
2026-05-06 09:57:31,358 [WARN] DetailPanel:346 - Failed to get advertising image, set to default
2026-05-06 09:57:31,358 [FATAL] Updater:351 - Updater called before beeing initialized
2026-05-06 09:57:31,501 [ERROR] Updater:1198 - MainUpdater not yet initialized. External WinMGr cannot be set.
2026-05-06 09:57:31,517 [INFO] Updater:1134 - Updater Version found : 6.15.0
2026-05-06 09:57:31,565 [INFO] ApplicationProperties:184 - Using Application install path: C:\ST\STM32CubeIDE_1.19.0\STM32CubeIDE\plugins\com.st.stm32cube.common.mx_6.15.0.202507011659
2026-05-06 09:57:33,217 [ERROR] LogOutputStream:75 - [STDERR_REDIRECT] May 06, 2026 9:57:33 AM java.util.prefs.WindowsPreferences <init>
2026-05-06 09:57:33,217 [ERROR] LogOutputStream:75 - [STDERR_REDIRECT] WARNING: Could not open/create prefs root node Software\JavaSoft\Prefs at root 0xffffffff80000002. Windows RegCreateKeyEx(...) returned error code 5.
2026-05-06 09:57:33,217 [ERROR] LogOutputStream:75 - [STDERR_REDIRECT] 
2026-05-06 09:57:33,707 [FATAL] Updater:351 - Updater called before beeing initialized
2026-05-06 09:57:33,707 [ERROR] IntegrityCheckThread:130 - Cannot retrieve database content from updater: error 21
2026-05-06 09:57:33,707 [INFO] ThirdParty:978 - Integrity check success = false
2026-05-06 09:57:33,707 [INFO] IntegrityCheckThread:100 - exiting critical section [integrity check]
2026-05-06 09:57:33,707 [INFO] IntegrityCheckThread:103 - End integrity checks thread
2026-05-06 09:57:33,960 [INFO] MainUpdater:2872 - connection check result : 10
2026-05-06 09:57:33,960 [INFO] MainUpdater:289 - Updater Check For Update Now.
2026-05-06 09:57:33,960 [INFO] MicroXplorer:498 - Change Database Version : DB.6.0.150
2026-05-06 09:57:33,976 [INFO] McuFinderGlobals:63 - Set McuFinder mode to 2 (CubeIDE integrated)
2026-05-06 09:57:33,994 [INFO] UserAuth:487 - Internet connection configuration mode: 1
2026-05-06 09:57:34,068 [INFO] JxBrowserEngine:152 - Initiate JxBrowser Engine with user profile folder
2026-05-06 09:57:34,354 [INFO] CheckServerUpdateThread:120 - End of CheckServer Thread
2026-05-06 09:57:38,874 [INFO] WebApp:169 - Instantiating new browser for Auth
2026-05-06 09:57:42,286 [INFO] WebApp:463 - Apply proxy settings
2026-05-06 09:57:42,286 [INFO] WebApp:548 - Chromium requires no authentication
2026-05-06 09:57:42,345 [INFO] WebApp:491 - Direct internet connection detected
2026-05-06 09:57:42,483 [INFO] WebApp:900 - Register for checkConnection events
2026-05-06 09:57:42,483 [INFO] WebApp:463 - Apply proxy settings
2026-05-06 09:57:42,483 [INFO] WebApp:548 - Chromium requires no authentication
2026-05-06 09:57:42,483 [INFO] WebApp:491 - Direct internet connection detected
2026-05-06 09:57:42,765 [INFO] WebApp:191 - Connection restablished
2026-05-06 09:57:44,444 [INFO] WebApp:225 - Starting web application
2026-05-06 09:57:44,447 [INFO] WebApp:593 - Web application path used C:\ST\STM32CubeIDE_1.19.0\STM32CubeIDE\plugins\com.st.stm32cube.common.mx_6.15.0.202507011659\db\plugins\mcufinder\reactClient1\index.html
2026-05-06 09:57:45,558 [INFO] UserAuth:487 - Internet connection configuration mode: 1
2026-05-06 12:19:18,011 [ERROR] LogOutputStream:75 - [STDERR_REDIRECT] 
2026-05-06 12:19:18,035 [ERROR] LogOutputStream:75 - [STDERR_REDIRECT] 
