../paho/MQTTFreeRTOS.h:32:20:TimerInit	16	static
../paho/MQTTFreeRTOS.h:38:20:TimerIsExpired	16	static
../paho/MQTTFreeRTOS.h:43:20:TimerCountdownMS	16	static
../paho/MQTTFreeRTOS.h:49:20:TimerCountdown	16	static
../paho/MQTTFreeRTOS.h:54:19:TimerLeftMS	16	static
../Core/Src/MQTTClient.c:23:13:NewMessageData	24	static
../Core/Src/MQTTClient.c:29:12:getNextPacketId	16	static
../Core/Src/MQTTClient.c:34:12:sendPacket	48	static
../Core/Src/MQTTClient.c:57:6:MQTTClientInit	32	static
../Core/Src/MQTTClient.c:83:12:decodePacket	56	static
../Core/Src/MQTTClient.c:111:12:readPacket	56	static
../Core/Src/MQTTClient.c:151:13:isTopicMatched	32	static
../Core/Src/MQTTClient.c:179:5:deliverMessage	48	static
../Core/Src/MQTTClient.c:212:5:keepalive	40	static
../Core/Src/MQTTClient.c:239:6:MQTTCleanSession	24	static
../Core/Src/MQTTClient.c:248:6:MQTTCloseSession	16	static
../Core/Src/MQTTClient.c:257:5:cycle	104	static
../Core/Src/MQTTClient.c:341:5:MQTTYield	32	static
../Core/Src/MQTTClient.c:361:5:MQTTIsConnected	16	static
../Core/Src/MQTTClient.c:366:6:MQTTRun	32	static
../Core/Src/MQTTClient.c:395:5:waitfor	32	static
../Core/Src/MQTTClient.c:413:5:MQTTConnectWithResults	136	static
../Core/Src/MQTTClient.c:468:5:MQTTConnect	24	static
../Core/Src/MQTTClient.c:475:5:MQTTSetMessageHandler	32	static
../Core/Src/MQTTClient.c:517:5:MQTTSubscribeWithResults	88	static
../Core/Src/MQTTClient.c:565:5:MQTTSubscribe	40	static
../Core/Src/MQTTClient.c:573:5:MQTTUnsubscribe	72	static
../Core/Src/MQTTClient.c:617:5:MQTTPublish	112	static
../Core/Src/MQTTClient.c:679:5:MQTTDisconnect	40	static
